Initializing document watcher...
Document watcher initialized
cleanskiier27/README-cloudshell.txt: {}
cleanskiier27/README.md: Using EditorConfig core...
cleanskiier27/README-cloudshell.txt: {"tabSize":4,"indentSize":4,"insertSpaces":true,"cursorStyle":1,"lineNumbers":1}
cleanskiier27/README-cloudshell.txt: Using EditorConfig core...
README.md: Target charset is not set
README-cloudshell.txt: Target charset is not set
cleanskiier27/README.md: {"tabSize":4,"indentSize":4,"insertSpaces":true,"cursorStyle":1,"lineNumbers":1}
cleanskiier27/README.md: Using EditorConfig core...
README.md: Target charset is not set
cleanskiier27/README-cloudshell.txt: {"tabSize":4,"indentSize":4,"insertSpaces":true,"cursorStyle":1,"lineNumbers":1}
cleanskiier27/README-cloudshell.txt: Using EditorConfig core...
README-cloudshell.txt: Target charset is not set
cleanskiier27/README.md: {"tabSize":4,"indentSize":4,"insertSpaces":true,"cursorStyle":1,"lineNumbers":1}
cleanskiier27/README.md: Using EditorConfig core...
README.md: Target charset is not set
cleanskiier27/README.md: Using EditorConfig core...
cleanskiier27/README.md: Using EditorConfig core...
README.md: Target charset is not set
